// Jest Snapshot v1, https://goo.gl/fbAQLP

exports[`hash md5 1`] = `"303b5c8988601647873b4ffd247d83cb"`;

exports[`hash sha1 1`] = `"5006d6f8302000e8b87fef5c50c071d6d97b4e88"`;

exports[`hash sha256 1`] = `"4d967a30111bf29f0eba01c448b375c1629b2fed01cdfcc3aed91f1b57d5dd5e"`;
